2024-10-21T01:57:49.042+01:00  WARN 6296 --- [springLogin] [HikariPool-1 housekeeper] com.zaxxer.hikari.pool.HikariPool        : HikariPool-1 - Thread starvation or clock leap detected (housekeeper delta=2h8m25s994ms865µs900ns).
2024-10-21T02:02:23.963+01:00  INFO 6296 --- [springLogin] [SpringApplicationShutdownHook] j.LocalContainerEntityManagerFactoryBean : Closing JPA EntityManagerFactory for persistence unit 'default'
2024-10-21T02:02:26.767+01:00  INFO 6296 --- [springLogin] [SpringApplicationShutdownHook] com.zaxxer.hikari.HikariDataSource       : HikariPool-1 - Shutdown initiated...
2024-10-21T02:02:27.037+01:00  INFO 6296 --- [springLogin] [SpringApplicationShutdownHook] com.zaxxer.hikari.HikariDataSource       : HikariPool-1 - Shutdown completed.
2024-10-21T02:03:51.388+01:00  INFO 5296 --- [springLogin] [restartedMain] n.springLogin.SpringLoginApplication     : Starting SpringLoginApplication using Java 18.0.1.1 with PID 5296 (C:\Users\User\Documents\kenneth\project\springLogin\target\classes started by User in C:\Users\User\Documents\kenneth\project\springLogin)
2024-10-21T02:03:51.393+01:00  INFO 5296 --- [springLogin] [restartedMain] n.springLogin.SpringLoginApplication     : No active profile set, falling back to 1 default profile: "default"
2024-10-21T02:03:51.805+01:00  INFO 5296 --- [springLogin] [restartedMain] .e.DevToolsPropertyDefaultsPostProcessor : Devtools property defaults active! Set 'spring.devtools.add-properties' to 'false' to disable
2024-10-21T02:03:51.806+01:00  INFO 5296 --- [springLogin] [restartedMain] .e.DevToolsPropertyDefaultsPostProcessor : For additional web related logging consider setting the 'logging.level.web' property to 'DEBUG'
2024-10-21T02:03:59.364+01:00  INFO 5296 --- [springLogin] [restartedMain] .s.d.r.c.RepositoryConfigurationDelegate : Bootstrapping Spring Data JPA repositories in DEFAULT mode.
2024-10-21T02:03:59.804+01:00  INFO 5296 --- [springLogin] [restartedMain] .s.d.r.c.RepositoryConfigurationDelegate : Finished Spring Data repository scanning in 379 ms. Found 2 JPA repository interfaces.
2024-10-21T02:04:09.990+01:00  INFO 5296 --- [springLogin] [restartedMain] o.s.b.w.embedded.tomcat.TomcatWebServer  : Tomcat initialized with port 8080 (http)
2024-10-21T02:04:10.318+01:00  INFO 5296 --- [springLogin] [restartedMain] o.apache.catalina.core.StandardService   : Starting service [Tomcat]
2024-10-21T02:04:10.318+01:00  INFO 5296 --- [springLogin] [restartedMain] o.apache.catalina.core.StandardEngine    : Starting Servlet engine: [Apache Tomcat/10.1.30]
2024-10-21T02:04:12.632+01:00  INFO 5296 --- [springLogin] [restartedMain] o.a.c.c.C.[Tomcat].[localhost].[/]       : Initializing Spring embedded WebApplicationContext
2024-10-21T02:04:12.633+01:00  INFO 5296 --- [springLogin] [restartedMain] w.s.c.ServletWebServerApplicationContext : Root WebApplicationContext: initialization completed in 20824 ms
2024-10-21T02:04:12.969+01:00  INFO 5296 --- [springLogin] [restartedMain] com.zaxxer.hikari.HikariDataSource       : HikariPool-1 - Starting...
2024-10-21T02:04:14.987+01:00  INFO 5296 --- [springLogin] [restartedMain] com.zaxxer.hikari.pool.HikariPool        : HikariPool-1 - Added connection com.mysql.cj.jdbc.ConnectionImpl@10ba1d54
2024-10-21T02:04:14.990+01:00  INFO 5296 --- [springLogin] [restartedMain] com.zaxxer.hikari.HikariDataSource       : HikariPool-1 - Start completed.
2024-10-21T02:04:15.002+01:00  INFO 5296 --- [springLogin] [restartedMain] o.s.b.a.h2.H2ConsoleAutoConfiguration    : H2 console available at '/h2-console'. Database available at 'jdbc:mysql://localhost:3306/springLogin?createDatabaseIfNotExist=true'
2024-10-21T02:04:16.187+01:00  INFO 5296 --- [springLogin] [restartedMain] o.hibernate.jpa.internal.util.LogHelper  : HHH000204: Processing PersistenceUnitInfo [name: default]
2024-10-21T02:04:16.565+01:00  INFO 5296 --- [springLogin] [restartedMain] org.hibernate.Version                    : HHH000412: Hibernate ORM core version 6.5.3.Final
2024-10-21T02:04:16.767+01:00  INFO 5296 --- [springLogin] [restartedMain] o.h.c.internal.RegionFactoryInitiator    : HHH000026: Second-level cache disabled
2024-10-21T02:04:18.735+01:00  INFO 5296 --- [springLogin] [restartedMain] o.s.o.j.p.SpringPersistenceUnitInfo      : No LoadTimeWeaver setup: ignoring JPA class transformer
2024-10-21T02:04:20.233+01:00  WARN 5296 --- [springLogin] [restartedMain] org.hibernate.orm.deprecation            : HHH90000025: MySQL8Dialect does not need to be specified explicitly using 'hibernate.dialect' (remove the property setting and it will be selected by default)
2024-10-21T02:04:20.235+01:00  WARN 5296 --- [springLogin] [restartedMain] org.hibernate.orm.deprecation            : HHH90000026: MySQL8Dialect has been deprecated; use org.hibernate.dialect.MySQLDialect instead
2024-10-21T02:04:24.359+01:00  INFO 5296 --- [springLogin] [restartedMain] o.h.e.t.j.p.i.JtaPlatformInitiator       : HHH000489: No JTA platform available (set 'hibernate.transaction.jta.platform' to enable JTA platform integration)
2024-10-21T02:04:37.780+01:00  INFO 5296 --- [springLogin] [restartedMain] j.LocalContainerEntityManagerFactoryBean : Initialized JPA EntityManagerFactory for persistence unit 'default'
2024-10-21T02:04:39.372+01:00  WARN 5296 --- [springLogin] [restartedMain] JpaBaseConfiguration$JpaWebConfiguration : spring.jpa.open-in-view is enabled by default. Therefore, database queries may be performed during view rendering. Explicitly configure spring.jpa.open-in-view to disable this warning
2024-10-21T02:04:39.431+01:00  INFO 5296 --- [springLogin] [restartedMain] r$InitializeUserDetailsManagerConfigurer : Global AuthenticationManager configured with UserDetailsService bean with name userRegistrationDetailsService
2024-10-21T02:04:39.724+01:00  INFO 5296 --- [springLogin] [restartedMain] o.s.b.a.w.s.WelcomePageHandlerMapping    : Adding welcome page template: index
2024-10-21T02:04:42.782+01:00  INFO 5296 --- [springLogin] [restartedMain] o.s.b.d.a.OptionalLiveReloadServer       : LiveReload server is running on port 35729
2024-10-21T02:04:42.926+01:00  INFO 5296 --- [springLogin] [restartedMain] o.s.b.w.embedded.tomcat.TomcatWebServer  : Tomcat started on port 8080 (http) with context path '/'
2024-10-21T02:04:42.944+01:00  INFO 5296 --- [springLogin] [restartedMain] n.springLogin.SpringLoginApplication     : Started SpringLoginApplication in 55.769 seconds (process running for 72.778)
2024-10-21T02:06:14.724+01:00  INFO 5296 --- [springLogin] [http-nio-8080-exec-1] o.a.c.c.C.[Tomcat].[localhost].[/]       : Initializing Spring DispatcherServlet 'dispatcherServlet'
2024-10-21T02:06:14.724+01:00  INFO 5296 --- [springLogin] [http-nio-8080-exec-1] o.s.web.servlet.DispatcherServlet        : Initializing Servlet 'dispatcherServlet'
2024-10-21T02:06:14.726+01:00  INFO 5296 --- [springLogin] [http-nio-8080-exec-1] o.s.web.servlet.DispatcherServlet        : Completed initialization in 2 ms
2024-10-21T02:06:27.106+01:00  INFO 5296 --- [springLogin] [http-nio-8080-exec-1] .s.e.l.RegistrationCompleteEventListener : click the link to complete your registration : http://localhost:8080/register/verifyEmail?token=f3101c46-6539-4399-abfc-0073137beddc
2024-10-21T02:23:25.046+01:00  INFO 5296 --- [springLogin] [SpringApplicationShutdownHook] j.LocalContainerEntityManagerFactoryBean : Closing JPA EntityManagerFactory for persistence unit 'default'
2024-10-21T02:23:25.062+01:00  INFO 5296 --- [springLogin] [SpringApplicationShutdownHook] com.zaxxer.hikari.HikariDataSource       : HikariPool-1 - Shutdown initiated...
2024-10-21T02:23:25.105+01:00  INFO 5296 --- [springLogin] [SpringApplicationShutdownHook] com.zaxxer.hikari.HikariDataSource       : HikariPool-1 - Shutdown completed.
2024-10-21T02:23:36.718+01:00  INFO 16668 --- [springLogin] [restartedMain] n.springLogin.SpringLoginApplication     : Starting SpringLoginApplication using Java 18.0.1.1 with PID 16668 (C:\Users\User\Documents\kenneth\project\springLogin\target\classes started by User in C:\Users\User\Documents\kenneth\project\springLogin)
2024-10-21T02:23:36.722+01:00  INFO 16668 --- [springLogin] [restartedMain] n.springLogin.SpringLoginApplication     : No active profile set, falling back to 1 default profile: "default"
2024-10-21T02:23:36.957+01:00  INFO 16668 --- [springLogin] [restartedMain] .e.DevToolsPropertyDefaultsPostProcessor : Devtools property defaults active! Set 'spring.devtools.add-properties' to 'false' to disable
2024-10-21T02:23:36.957+01:00  INFO 16668 --- [springLogin] [restartedMain] .e.DevToolsPropertyDefaultsPostProcessor : For additional web related logging consider setting the 'logging.level.web' property to 'DEBUG'
2024-10-21T02:23:40.108+01:00  INFO 16668 --- [springLogin] [restartedMain] .s.d.r.c.RepositoryConfigurationDelegate : Bootstrapping Spring Data JPA repositories in DEFAULT mode.
2024-10-21T02:23:40.394+01:00  INFO 16668 --- [springLogin] [restartedMain] .s.d.r.c.RepositoryConfigurationDelegate : Finished Spring Data repository scanning in 276 ms. Found 2 JPA repository interfaces.
2024-10-21T02:23:42.581+01:00  INFO 16668 --- [springLogin] [restartedMain] o.s.b.w.embedded.tomcat.TomcatWebServer  : Tomcat initialized with port 8080 (http)
2024-10-21T02:23:42.790+01:00  INFO 16668 --- [springLogin] [restartedMain] o.apache.catalina.core.StandardService   : Starting service [Tomcat]
2024-10-21T02:23:42.791+01:00  INFO 16668 --- [springLogin] [restartedMain] o.apache.catalina.core.StandardEngine    : Starting Servlet engine: [Apache Tomcat/10.1.30]
2024-10-21T02:23:42.914+01:00  INFO 16668 --- [springLogin] [restartedMain] o.a.c.c.C.[Tomcat].[localhost].[/]       : Initializing Spring embedded WebApplicationContext
2024-10-21T02:23:42.915+01:00  INFO 16668 --- [springLogin] [restartedMain] w.s.c.ServletWebServerApplicationContext : Root WebApplicationContext: initialization completed in 5957 ms
2024-10-21T02:23:42.979+01:00  INFO 16668 --- [springLogin] [restartedMain] com.zaxxer.hikari.HikariDataSource       : HikariPool-1 - Starting...
2024-10-21T02:23:59.635+01:00  INFO 16668 --- [springLogin] [restartedMain] com.zaxxer.hikari.pool.HikariPool        : HikariPool-1 - Added connection com.mysql.cj.jdbc.ConnectionImpl@67cefe59
2024-10-21T02:23:59.638+01:00  INFO 16668 --- [springLogin] [restartedMain] com.zaxxer.hikari.HikariDataSource       : HikariPool-1 - Start completed.
2024-10-21T02:23:59.654+01:00  INFO 16668 --- [springLogin] [restartedMain] o.s.b.a.h2.H2ConsoleAutoConfiguration    : H2 console available at '/h2-console'. Database available at 'jdbc:mysql://mysql-3aa44468-mbrailway.i.aivencloud.com:10020/springlogin'
2024-10-21T02:24:00.115+01:00  INFO 16668 --- [springLogin] [restartedMain] o.hibernate.jpa.internal.util.LogHelper  : HHH000204: Processing PersistenceUnitInfo [name: default]
2024-10-21T02:24:00.371+01:00  INFO 16668 --- [springLogin] [restartedMain] org.hibernate.Version                    : HHH000412: Hibernate ORM core version 6.5.3.Final
2024-10-21T02:24:00.504+01:00  INFO 16668 --- [springLogin] [restartedMain] o.h.c.internal.RegionFactoryInitiator    : HHH000026: Second-level cache disabled
2024-10-21T02:24:01.248+01:00  INFO 16668 --- [springLogin] [restartedMain] o.s.o.j.p.SpringPersistenceUnitInfo      : No LoadTimeWeaver setup: ignoring JPA class transformer
2024-10-21T02:24:03.518+01:00  WARN 16668 --- [springLogin] [restartedMain] org.hibernate.orm.deprecation            : HHH90000025: MySQL8Dialect does not need to be specified explicitly using 'hibernate.dialect' (remove the property setting and it will be selected by default)
2024-10-21T02:24:03.520+01:00  WARN 16668 --- [springLogin] [restartedMain] org.hibernate.orm.deprecation            : HHH90000026: MySQL8Dialect has been deprecated; use org.hibernate.dialect.MySQLDialect instead
2024-10-21T02:24:05.180+01:00  INFO 16668 --- [springLogin] [restartedMain] o.h.e.t.j.p.i.JtaPlatformInitiator       : HHH000489: No JTA platform available (set 'hibernate.transaction.jta.platform' to enable JTA platform integration)
2024-10-21T02:24:28.800+01:00  INFO 16668 --- [springLogin] [restartedMain] j.LocalContainerEntityManagerFactoryBean : Initialized JPA EntityManagerFactory for persistence unit 'default'
2024-10-21T02:24:29.723+01:00  WARN 16668 --- [springLogin] [restartedMain] JpaBaseConfiguration$JpaWebConfiguration : spring.jpa.open-in-view is enabled by default. Therefore, database queries may be performed during view rendering. Explicitly configure spring.jpa.open-in-view to disable this warning
2024-10-21T02:24:29.760+01:00  INFO 16668 --- [springLogin] [restartedMain] r$InitializeUserDetailsManagerConfigurer : Global AuthenticationManager configured with UserDetailsService bean with name userRegistrationDetailsService
2024-10-21T02:24:29.911+01:00  INFO 16668 --- [springLogin] [restartedMain] o.s.b.a.w.s.WelcomePageHandlerMapping    : Adding welcome page template: index
2024-10-21T02:24:30.863+01:00  INFO 16668 --- [springLogin] [restartedMain] o.s.b.d.a.OptionalLiveReloadServer       : LiveReload server is running on port 35729
2024-10-21T02:24:30.943+01:00  INFO 16668 --- [springLogin] [restartedMain] o.s.b.w.embedded.tomcat.TomcatWebServer  : Tomcat started on port 8080 (http) with context path '/'
2024-10-21T02:24:30.959+01:00  INFO 16668 --- [springLogin] [restartedMain] n.springLogin.SpringLoginApplication     : Started SpringLoginApplication in 55.95 seconds (process running for 57.809)
2024-10-21T02:24:46.230+01:00  INFO 16668 --- [springLogin] [http-nio-8080-exec-2] o.a.c.c.C.[Tomcat].[localhost].[/]       : Initializing Spring DispatcherServlet 'dispatcherServlet'
2024-10-21T02:24:46.230+01:00  INFO 16668 --- [springLogin] [http-nio-8080-exec-2] o.s.web.servlet.DispatcherServlet        : Initializing Servlet 'dispatcherServlet'
2024-10-21T02:24:46.234+01:00  INFO 16668 --- [springLogin] [http-nio-8080-exec-2] o.s.web.servlet.DispatcherServlet        : Completed initialization in 1 ms
2024-10-21T02:25:02.726+01:00  INFO 16668 --- [springLogin] [http-nio-8080-exec-2] .s.e.l.RegistrationCompleteEventListener : click the link to complete your registration : http://localhost:8080/register/verifyEmail?token=08ddf442-16ec-4a97-845f-70d3dc18e952
2024-10-21T02:28:33.450+01:00  INFO 16668 --- [springLogin] [SpringApplicationShutdownHook] j.LocalContainerEntityManagerFactoryBean : Closing JPA EntityManagerFactory for persistence unit 'default'
2024-10-21T02:28:33.478+01:00  INFO 16668 --- [springLogin] [SpringApplicationShutdownHook] com.zaxxer.hikari.HikariDataSource       : HikariPool-1 - Shutdown initiated...
2024-10-21T02:28:39.377+01:00  INFO 16668 --- [springLogin] [SpringApplicationShutdownHook] com.zaxxer.hikari.HikariDataSource       : HikariPool-1 - Shutdown completed.
